[2022-04-23T17:04:51.349+0900][gc,heap] Heap region size: 1M
[2022-04-23T17:04:51.358+0900][gc     ] Using G1
[2022-04-23T17:04:51.358+0900][gc,heap,coops] Heap address: 0x00000007c0000000, size: 1024 MB, Compressed Oops mode: Zero based, Oop shift amount: 3
[2022-04-23T17:04:53.022+0900][gc,start     ] GC(0) Pause Young (Concurrent Start) (Metadata GC Threshold)
[2022-04-23T17:04:53.023+0900][gc,task      ] GC(0) Using 8 workers of 8 for evacuation
[2022-04-23T17:04:53.040+0900][gc,phases    ] GC(0)   Pre Evacuate Collection Set: 0.0ms
[2022-04-23T17:04:53.040+0900][gc,phases    ] GC(0)   Evacuate Collection Set: 16.6ms
[2022-04-23T17:04:53.040+0900][gc,phases    ] GC(0)   Post Evacuate Collection Set: 0.5ms
[2022-04-23T17:04:53.040+0900][gc,phases    ] GC(0)   Other: 1.1ms
[2022-04-23T17:04:53.040+0900][gc,heap      ] GC(0) Eden regions: 43->0(44)
[2022-04-23T17:04:53.040+0900][gc,heap      ] GC(0) Survivor regions: 0->7(7)
[2022-04-23T17:04:53.040+0900][gc,heap      ] GC(0) Old regions: 0->0
[2022-04-23T17:04:53.040+0900][gc,heap      ] GC(0) Humongous regions: 0->0
[2022-04-23T17:04:53.040+0900][gc,metaspace ] GC(0) Metaspace: 20769K->20769K(1069056K)
[2022-04-23T17:04:53.041+0900][gc           ] GC(0) Pause Young (Concurrent Start) (Metadata GC Threshold) 43M->6M(1024M) 18.387ms
[2022-04-23T17:04:53.041+0900][gc,cpu       ] GC(0) User=0.05s Sys=0.02s Real=0.02s
[2022-04-23T17:04:53.041+0900][gc           ] GC(1) Concurrent Cycle
[2022-04-23T17:04:53.041+0900][gc,marking   ] GC(1) Concurrent Clear Claimed Marks
[2022-04-23T17:04:53.041+0900][gc,marking   ] GC(1) Concurrent Clear Claimed Marks 0.075ms
[2022-04-23T17:04:53.041+0900][gc,marking   ] GC(1) Concurrent Scan Root Regions
[2022-04-23T17:04:53.044+0900][gc,marking   ] GC(1) Concurrent Scan Root Regions 2.727ms
[2022-04-23T17:04:53.045+0900][gc,marking   ] GC(1) Concurrent Mark (1.707s)
[2022-04-23T17:04:53.045+0900][gc,marking   ] GC(1) Concurrent Mark From Roots
[2022-04-23T17:04:53.045+0900][gc,task      ] GC(1) Using 2 workers of 2 for marking
[2022-04-23T17:04:53.045+0900][gc,marking   ] GC(1) Concurrent Mark From Roots 0.169ms
[2022-04-23T17:04:53.045+0900][gc,marking   ] GC(1) Concurrent Preclean
[2022-04-23T17:04:53.046+0900][gc,marking   ] GC(1) Concurrent Preclean 0.035ms
[2022-04-23T17:04:53.046+0900][gc,marking   ] GC(1) Concurrent Mark (1.707s, 1.708s) 0.248ms
[2022-04-23T17:04:53.046+0900][gc,start     ] GC(1) Pause Remark
[2022-04-23T17:04:53.050+0900][gc,stringtable] GC(1) Cleaned string and symbol table, strings: 7304 processed, 0 removed, symbols: 63737 processed, 34 removed
[2022-04-23T17:04:53.051+0900][gc            ] GC(1) Pause Remark 7M->7M(1024M) 5.161ms
[2022-04-23T17:04:53.051+0900][gc,cpu        ] GC(1) User=0.01s Sys=0.00s Real=0.01s
[2022-04-23T17:04:53.051+0900][gc,marking    ] GC(1) Concurrent Rebuild Remembered Sets
[2022-04-23T17:04:53.051+0900][gc,marking    ] GC(1) Concurrent Rebuild Remembered Sets 0.052ms
[2022-04-23T17:04:53.051+0900][gc,start      ] GC(1) Pause Cleanup
[2022-04-23T17:04:53.051+0900][gc            ] GC(1) Pause Cleanup 7M->7M(1024M) 0.118ms
[2022-04-23T17:04:53.052+0900][gc,cpu        ] GC(1) User=0.00s Sys=0.00s Real=0.00s
[2022-04-23T17:04:53.052+0900][gc,marking    ] GC(1) Concurrent Cleanup for Next Mark
[2022-04-23T17:04:53.056+0900][gc,marking    ] GC(1) Concurrent Cleanup for Next Mark 4.117ms
[2022-04-23T17:04:53.056+0900][gc            ] GC(1) Concurrent Cycle 14.859ms
[2022-04-23T17:04:54.814+0900][gc,start      ] GC(2) Pause Young (Normal) (G1 Evacuation Pause)
[2022-04-23T17:04:54.815+0900][gc,task       ] GC(2) Using 8 workers of 8 for evacuation
[2022-04-23T17:04:54.837+0900][gc,mmu        ] GC(2) MMU target violated: 21.0ms (20.0ms/21.0ms)
[2022-04-23T17:04:54.837+0900][gc,phases     ] GC(2)   Pre Evacuate Collection Set: 0.0ms
[2022-04-23T17:04:54.837+0900][gc,phases     ] GC(2)   Evacuate Collection Set: 21.5ms
[2022-04-23T17:04:54.837+0900][gc,phases     ] GC(2)   Post Evacuate Collection Set: 0.4ms
[2022-04-23T17:04:54.837+0900][gc,phases     ] GC(2)   Other: 0.2ms
[2022-04-23T17:04:54.837+0900][gc,heap       ] GC(2) Eden regions: 44->0(48)
[2022-04-23T17:04:54.837+0900][gc,heap       ] GC(2) Survivor regions: 7->3(7)
[2022-04-23T17:04:54.837+0900][gc,heap       ] GC(2) Old regions: 0->7
[2022-04-23T17:04:54.837+0900][gc,heap       ] GC(2) Humongous regions: 129->129
[2022-04-23T17:04:54.837+0900][gc,metaspace  ] GC(2) Metaspace: 30101K->30101K(1077248K)
[2022-04-23T17:04:54.837+0900][gc            ] GC(2) Pause Young (Normal) (G1 Evacuation Pause) 179M->137M(1024M) 22.319ms
[2022-04-23T17:04:54.837+0900][gc,cpu        ] GC(2) User=0.09s Sys=0.03s Real=0.02s
[2022-04-23T17:04:55.116+0900][gc,start      ] GC(3) Pause Young (Concurrent Start) (Metadata GC Threshold)
[2022-04-23T17:04:55.116+0900][gc,task       ] GC(3) Using 8 workers of 8 for evacuation
[2022-04-23T17:04:55.119+0900][gc,phases     ] GC(3)   Pre Evacuate Collection Set: 0.0ms
[2022-04-23T17:04:55.119+0900][gc,phases     ] GC(3)   Evacuate Collection Set: 2.8ms
[2022-04-23T17:04:55.119+0900][gc,phases     ] GC(3)   Post Evacuate Collection Set: 0.2ms
[2022-04-23T17:04:55.119+0900][gc,phases     ] GC(3)   Other: 0.2ms
[2022-04-23T17:04:55.119+0900][gc,heap       ] GC(3) Eden regions: 22->0(48)
[2022-04-23T17:04:55.119+0900][gc,heap       ] GC(3) Survivor regions: 3->3(7)
[2022-04-23T17:04:55.119+0900][gc,heap       ] GC(3) Old regions: 7->7
[2022-04-23T17:04:55.119+0900][gc,heap       ] GC(3) Humongous regions: 129->129
[2022-04-23T17:04:55.119+0900][gc,metaspace  ] GC(3) Metaspace: 34544K->34544K(1081344K)
[2022-04-23T17:04:55.119+0900][gc            ] GC(3) Pause Young (Concurrent Start) (Metadata GC Threshold) 159M->138M(1024M) 3.248ms
[2022-04-23T17:04:55.119+0900][gc,cpu        ] GC(3) User=0.01s Sys=0.00s Real=0.00s
[2022-04-23T17:04:55.119+0900][gc            ] GC(4) Concurrent Cycle
[2022-04-23T17:04:55.119+0900][gc,marking    ] GC(4) Concurrent Clear Claimed Marks
[2022-04-23T17:04:55.119+0900][gc,marking    ] GC(4) Concurrent Clear Claimed Marks 0.017ms
[2022-04-23T17:04:55.119+0900][gc,marking    ] GC(4) Concurrent Scan Root Regions
[2022-04-23T17:04:55.120+0900][gc,marking    ] GC(4) Concurrent Scan Root Regions 1.262ms
[2022-04-23T17:04:55.120+0900][gc,marking    ] GC(4) Concurrent Mark (3.782s)
[2022-04-23T17:04:55.120+0900][gc,marking    ] GC(4) Concurrent Mark From Roots
[2022-04-23T17:04:55.120+0900][gc,task       ] GC(4) Using 2 workers of 2 for marking
[2022-04-23T17:04:55.126+0900][gc,marking    ] GC(4) Concurrent Mark From Roots 5.600ms
[2022-04-23T17:04:55.126+0900][gc,marking    ] GC(4) Concurrent Preclean
[2022-04-23T17:04:55.126+0900][gc,marking    ] GC(4) Concurrent Preclean 0.056ms
[2022-04-23T17:04:55.126+0900][gc,marking    ] GC(4) Concurrent Mark (3.782s, 3.788s) 5.704ms
[2022-04-23T17:04:55.126+0900][gc,start      ] GC(4) Pause Remark
[2022-04-23T17:04:55.133+0900][gc,stringtable] GC(4) Cleaned string and symbol table, strings: 10849 processed, 8 removed, symbols: 95801 processed, 26 removed
[2022-04-23T17:04:55.133+0900][gc            ] GC(4) Pause Remark 138M->138M(1024M) 6.910ms
[2022-04-23T17:04:55.133+0900][gc,cpu        ] GC(4) User=0.01s Sys=0.01s Real=0.01s
[2022-04-23T17:04:55.133+0900][gc,marking    ] GC(4) Concurrent Rebuild Remembered Sets
[2022-04-23T17:04:55.136+0900][gc,marking    ] GC(4) Concurrent Rebuild Remembered Sets 3.039ms
[2022-04-23T17:04:55.137+0900][gc,start      ] GC(4) Pause Cleanup
[2022-04-23T17:04:55.137+0900][gc            ] GC(4) Pause Cleanup 138M->138M(1024M) 0.102ms
[2022-04-23T17:04:55.137+0900][gc,cpu        ] GC(4) User=0.00s Sys=0.00s Real=0.00s
[2022-04-23T17:04:55.137+0900][gc,marking    ] GC(4) Concurrent Cleanup for Next Mark
[2022-04-23T17:04:55.140+0900][gc,marking    ] GC(4) Concurrent Cleanup for Next Mark 3.722ms
[2022-04-23T17:04:55.141+0900][gc            ] GC(4) Concurrent Cycle 21.705ms
[2022-04-23T17:04:56.308+0900][gc,start      ] GC(5) Pause Young (Normal) (G1 Evacuation Pause)
[2022-04-23T17:04:56.308+0900][gc,task       ] GC(5) Using 8 workers of 8 for evacuation
[2022-04-23T17:04:56.318+0900][gc,phases     ] GC(5)   Pre Evacuate Collection Set: 0.0ms
[2022-04-23T17:04:56.318+0900][gc,phases     ] GC(5)   Evacuate Collection Set: 8.9ms
[2022-04-23T17:04:56.318+0900][gc,phases     ] GC(5)   Post Evacuate Collection Set: 0.6ms
[2022-04-23T17:04:56.318+0900][gc,phases     ] GC(5)   Other: 0.2ms
[2022-04-23T17:04:56.318+0900][gc,heap       ] GC(5) Eden regions: 48->0(44)
[2022-04-23T17:04:56.318+0900][gc,heap       ] GC(5) Survivor regions: 3->7(7)
[2022-04-23T17:04:56.318+0900][gc,heap       ] GC(5) Old regions: 7->7
[2022-04-23T17:04:56.318+0900][gc,heap       ] GC(5) Humongous regions: 129->129
[2022-04-23T17:04:56.318+0900][gc,metaspace  ] GC(5) Metaspace: 42802K->42802K(1087488K)
[2022-04-23T17:04:56.318+0900][gc            ] GC(5) Pause Young (Normal) (G1 Evacuation Pause) 186M->141M(1024M) 9.800ms
[2022-04-23T17:04:56.318+0900][gc,cpu        ] GC(5) User=0.05s Sys=0.01s Real=0.01s
[2022-04-23T17:28:30.233+0900][gc,start      ] GC(6) Pause Young (Normal) (G1 Evacuation Pause)
[2022-04-23T17:28:30.233+0900][gc,task       ] GC(6) Using 8 workers of 8 for evacuation
[2022-04-23T17:28:30.253+0900][gc,phases     ] GC(6)   Pre Evacuate Collection Set: 0.0ms
[2022-04-23T17:28:30.253+0900][gc,phases     ] GC(6)   Evacuate Collection Set: 18.4ms
[2022-04-23T17:28:30.253+0900][gc,phases     ] GC(6)   Post Evacuate Collection Set: 0.7ms
[2022-04-23T17:28:30.253+0900][gc,phases     ] GC(6)   Other: 1.0ms
[2022-04-23T17:28:30.253+0900][gc,heap       ] GC(6) Eden regions: 44->0(49)
[2022-04-23T17:28:30.253+0900][gc,heap       ] GC(6) Survivor regions: 7->2(7)
[2022-04-23T17:28:30.253+0900][gc,heap       ] GC(6) Old regions: 7->13
[2022-04-23T17:28:30.253+0900][gc,heap       ] GC(6) Humongous regions: 129->129
[2022-04-23T17:28:30.253+0900][gc,metaspace  ] GC(6) Metaspace: 48394K->48394K(1093632K)
[2022-04-23T17:28:30.253+0900][gc            ] GC(6) Pause Young (Normal) (G1 Evacuation Pause) 185M->143M(1024M) 20.252ms
[2022-04-23T17:28:30.253+0900][gc,cpu        ] GC(6) User=0.06s Sys=0.02s Real=0.02s
[2022-04-23T17:36:59.539+0900][gc,start      ] GC(7) Pause Young (Normal) (G1 Evacuation Pause)
[2022-04-23T17:36:59.540+0900][gc,task       ] GC(7) Using 8 workers of 8 for evacuation
[2022-04-23T17:36:59.567+0900][gc,mmu        ] GC(7) MMU target violated: 21.0ms (20.0ms/21.0ms)
[2022-04-23T17:36:59.567+0900][gc,phases     ] GC(7)   Pre Evacuate Collection Set: 0.1ms
[2022-04-23T17:36:59.567+0900][gc,phases     ] GC(7)   Evacuate Collection Set: 24.9ms
[2022-04-23T17:36:59.567+0900][gc,phases     ] GC(7)   Post Evacuate Collection Set: 1.1ms
[2022-04-23T17:36:59.567+0900][gc,phases     ] GC(7)   Other: 2.3ms
[2022-04-23T17:36:59.567+0900][gc,heap       ] GC(7) Eden regions: 49->0(45)
[2022-04-23T17:36:59.567+0900][gc,heap       ] GC(7) Survivor regions: 2->6(7)
[2022-04-23T17:36:59.567+0900][gc,heap       ] GC(7) Old regions: 13->13
[2022-04-23T17:36:59.567+0900][gc,heap       ] GC(7) Humongous regions: 129->129
[2022-04-23T17:36:59.567+0900][gc,metaspace  ] GC(7) Metaspace: 51497K->51497K(1095680K)
[2022-04-23T17:36:59.567+0900][gc            ] GC(7) Pause Young (Normal) (G1 Evacuation Pause) 192M->146M(1024M) 28.441ms
[2022-04-23T17:36:59.567+0900][gc,cpu        ] GC(7) User=0.09s Sys=0.03s Real=0.03s
[2022-04-23T17:48:26.460+0900][gc,start      ] GC(8) Pause Young (Normal) (G1 Evacuation Pause)
[2022-04-23T17:48:26.460+0900][gc,task       ] GC(8) Using 8 workers of 8 for evacuation
[2022-04-23T17:48:26.479+0900][gc,phases     ] GC(8)   Pre Evacuate Collection Set: 0.5ms
[2022-04-23T17:48:26.479+0900][gc,phases     ] GC(8)   Evacuate Collection Set: 18.2ms
[2022-04-23T17:48:26.479+0900][gc,phases     ] GC(8)   Post Evacuate Collection Set: 0.7ms
[2022-04-23T17:48:26.479+0900][gc,phases     ] GC(8)   Other: 0.4ms
[2022-04-23T17:48:26.479+0900][gc,heap       ] GC(8) Eden regions: 45->0(48)
[2022-04-23T17:48:26.480+0900][gc,heap       ] GC(8) Survivor regions: 6->3(7)
[2022-04-23T17:48:26.480+0900][gc,heap       ] GC(8) Old regions: 13->16
[2022-04-23T17:48:26.480+0900][gc,heap       ] GC(8) Humongous regions: 129->129
[2022-04-23T17:48:26.480+0900][gc,metaspace  ] GC(8) Metaspace: 52543K->52543K(1097728K)
[2022-04-23T17:48:26.480+0900][gc            ] GC(8) Pause Young (Normal) (G1 Evacuation Pause) 191M->146M(1024M) 19.894ms
[2022-04-23T17:48:26.480+0900][gc,cpu        ] GC(8) User=0.08s Sys=0.03s Real=0.02s
[2022-04-23T17:48:26.528+0900][gc,heap,exit  ] Heap
[2022-04-23T17:48:26.528+0900][gc,heap,exit  ]  garbage-first heap   total 1048576K, used 153059K [0x00000007c0000000, 0x0000000800000000)
[2022-04-23T17:48:26.528+0900][gc,heap,exit  ]   region size 1024K, 7 young (7168K), 3 survivors (3072K)
[2022-04-23T17:48:26.528+0900][gc,heap,exit  ]  Metaspace       used 52578K, capacity 55525K, committed 55728K, reserved 1097728K
[2022-04-23T17:48:26.528+0900][gc,heap,exit  ]   class space    used 6649K, capacity 8091K, committed 8192K, reserved 1048576K
