[2022-04-23T16:26:28.200+0900][gc,heap] Heap region size: 1M
[2022-04-23T16:26:28.205+0900][gc     ] Using G1
[2022-04-23T16:26:28.205+0900][gc,heap,coops] Heap address: 0x00000007e0000000, size: 512 MB, Compressed Oops mode: Zero based, Oop shift amount: 3
[2022-04-23T16:26:29.911+0900][gc,start     ] GC(0) Pause Young (Normal) (G1 Evacuation Pause)
[2022-04-23T16:26:29.912+0900][gc,task      ] GC(0) Using 8 workers of 8 for evacuation
[2022-04-23T16:26:29.927+0900][gc,phases    ] GC(0)   Pre Evacuate Collection Set: 0.0ms
[2022-04-23T16:26:29.927+0900][gc,phases    ] GC(0)   Evacuate Collection Set: 14.7ms
[2022-04-23T16:26:29.927+0900][gc,phases    ] GC(0)   Post Evacuate Collection Set: 0.4ms
[2022-04-23T16:26:29.927+0900][gc,phases    ] GC(0)   Other: 1.5ms
[2022-04-23T16:26:29.927+0900][gc,heap      ] GC(0) Eden regions: 25->0(21)
[2022-04-23T16:26:29.927+0900][gc,heap      ] GC(0) Survivor regions: 0->4(4)
[2022-04-23T16:26:29.927+0900][gc,heap      ] GC(0) Old regions: 0->4
[2022-04-23T16:26:29.927+0900][gc,heap      ] GC(0) Humongous regions: 0->0
[2022-04-23T16:26:29.927+0900][gc,metaspace ] GC(0) Metaspace: 15231K->15231K(1062912K)
[2022-04-23T16:26:29.928+0900][gc           ] GC(0) Pause Young (Normal) (G1 Evacuation Pause) 25M->7M(512M) 16.267ms
[2022-04-23T16:26:29.928+0900][gc,cpu       ] GC(0) User=0.05s Sys=0.02s Real=0.01s
[2022-04-23T16:44:05.155+0900][gc,heap,exit ] Heap
[2022-04-23T16:44:05.156+0900][gc,heap,exit ]  garbage-first heap   total 524288K, used 10384K [0x00000007e0000000, 0x0000000800000000)
[2022-04-23T16:44:05.156+0900][gc,heap,exit ]   region size 1024K, 8 young (8192K), 4 survivors (4096K)
[2022-04-23T16:44:05.156+0900][gc,heap,exit ]  Metaspace       used 15781K, capacity 16222K, committed 16384K, reserved 1064960K
[2022-04-23T16:44:05.156+0900][gc,heap,exit ]   class space    used 1597K, capacity 1749K, committed 1792K, reserved 1048576K
