[2022-04-23T16:48:57.267+0900][gc,heap] Heap region size: 1M
[2022-04-23T16:48:57.272+0900][gc     ] Using G1
[2022-04-23T16:48:57.272+0900][gc,heap,coops] Heap address: 0x00000007e0000000, size: 512 MB, Compressed Oops mode: Zero based, Oop shift amount: 3
[2022-04-23T16:48:58.791+0900][gc,start     ] GC(0) Pause Young (Normal) (G1 Evacuation Pause)
[2022-04-23T16:48:58.792+0900][gc,task      ] GC(0) Using 8 workers of 8 for evacuation
[2022-04-23T16:48:58.807+0900][gc,phases    ] GC(0)   Pre Evacuate Collection Set: 0.0ms
[2022-04-23T16:48:58.807+0900][gc,phases    ] GC(0)   Evacuate Collection Set: 14.1ms
[2022-04-23T16:48:58.807+0900][gc,phases    ] GC(0)   Post Evacuate Collection Set: 0.4ms
[2022-04-23T16:48:58.807+0900][gc,phases    ] GC(0)   Other: 0.8ms
[2022-04-23T16:48:58.807+0900][gc,heap      ] GC(0) Eden regions: 25->0(21)
[2022-04-23T16:48:58.807+0900][gc,heap      ] GC(0) Survivor regions: 0->4(4)
[2022-04-23T16:48:58.807+0900][gc,heap      ] GC(0) Old regions: 0->4
[2022-04-23T16:48:58.807+0900][gc,heap      ] GC(0) Humongous regions: 0->0
[2022-04-23T16:48:58.807+0900][gc,metaspace ] GC(0) Metaspace: 15232K->15232K(1062912K)
[2022-04-23T16:48:58.807+0900][gc           ] GC(0) Pause Young (Normal) (G1 Evacuation Pause) 25M->7M(512M) 15.823ms
[2022-04-23T16:48:58.807+0900][gc,cpu       ] GC(0) User=0.05s Sys=0.02s Real=0.01s
[2022-04-23T17:48:30.797+0900][gc,heap,exit ] Heap
[2022-04-23T17:48:30.798+0900][gc,heap,exit ]  garbage-first heap   total 524288K, used 22849K [0x00000007e0000000, 0x0000000800000000)
[2022-04-23T17:48:30.798+0900][gc,heap,exit ]   region size 1024K, 20 young (20480K), 4 survivors (4096K)
[2022-04-23T17:48:30.798+0900][gc,heap,exit ]  Metaspace       used 17123K, capacity 17511K, committed 17792K, reserved 1064960K
[2022-04-23T17:48:30.798+0900][gc,heap,exit ]   class space    used 1684K, capacity 1816K, committed 1920K, reserved 1048576K
